// Jest Snapshot v1, https://goo.gl/fbAQLP

exports[`expect to take snapshot of AbsenceCard component 1`] = `ShallowWrapper {}`;
